../../../../tests-m2/hopix/interpreter/good/adt.expected