../../../../tests-m2/hopix/interpreter/good/adt1.expected