../../../../tests-m2/hopix/interpreter/good/adt2.expected