../../../../tests-m2/hopix/interpreter/good/adtref.expected