../../../../tests-m2/hopix/interpreter/good/adtref4.expected