../../../../tests-m2/hopix/interpreter/good/adtref5.expected