../../../../tests-m2/hopix/interpreter/good/adtref2.expected