../../../../tests-m2/hopix/interpreter/good/adtref1.expected