../../../../tests-m2/hopix/interpreter/good/adtref7.expected