../../../../tests-m2/hopix/interpreter/good/arith2.expected