../../../../tests-m2/hopix/interpreter/good/arith3.expected