../../../../tests-m2/hopix/interpreter/good/helloworld.expected