../../../../tests-m2/hopix/interpreter/good/if3.expected