../../../../tests-m2/hopix/interpreter/good/if4.expected