../../../../tests-m2/hopix/interpreter/good/if5.expected