../../../../tests-m2/hopix/interpreter/good/pattern0.expected