../../../../tests-m2/hopix/interpreter/good/pattern13.expected