../../../../tests-m2/hopix/interpreter/good/pattern11.expected