../../../../tests-m2/hopix/interpreter/good/pattern7.expected